// Vitest Snapshot v1, https://vitest.dev/guide/snapshot.html

exports[`Breadcrumbs Block > should match the rendered snapshot 1`] = `"<nav aria-label="breadcrumb"><ol class="breadcrumb"><li class="caption"><a href="/en-au">Home</a></li><li class="caption"><a href="/en-au/about-us">About Us</a></li><li class="caption currentPage" aria-current="page"><span>Our Company</span></li></ol></nav>"`;
