// Vitest Snapshot v1, https://vitest.dev/guide/snapshot.html

exports[`link-list component > decorate function > should match the rendered snapshot 1`] = `"<h2>Mock Heading</h2><ul><li><a class="body-01" data-wae-event="link_click" data-wae-link="Link 0" data-wae-module="link list">Link 0</a><a class="body-01" data-wae-event="link_click" data-wae-link="Link 1" data-wae-module="link list">Link 1</a></li><li><a class="body-01" data-wae-event="link_click" data-wae-link="Link 0" data-wae-module="link list">Link 0</a><a class="body-01" data-wae-event="link_click" data-wae-link="Link 1" data-wae-module="link list">Link 1</a></li><li><a class="body-01" data-wae-event="link_click" data-wae-link="Link 0" data-wae-module="link list">Link 0</a><a class="body-01" data-wae-event="link_click" data-wae-link="Link 1" data-wae-module="link list">Link 1</a></li></ul>"`;
