// Vitest Snapshot v1, https://vitest.dev/guide/snapshot.html

exports[`Offset section content block > should match the rendered snapshot 1`] = `
"<h2 id="heading">Heading</h2><div class="offset-content-text"><p>Enter your body text here</p>
            <ul>
              <li>Enter your bullet points here</li>
              <li>Enter your bullet points here</li>
              <li>Enter your bullet points here</li>
            </ul></div><div class="cta-links-container"><a href="/content/qcom/some-cool-link" class="standalone" data-wae-event="link_click" data-wae-block-type="offset_section_content">CTA1</a><a href="https://qantas.com/au/en.html" class="standalone" data-wae-event="link_click" data-wae-block-type="offset_section_content">CTA2</a></div>"
`;
